src/agent/superpowers.ts(2,8): error TS1192: Module '"C:/Users/hachi/OneDrive/Escritorio/Open_Gravity/node_modules/pdf-parse/dist/pdf-parse/esm/index"' has no default export.
